Archive member included to satisfy reference by file (symbol)

c:/program files (x86)/atmel/studio/7.0/toolchain/avr8/avr8-gnu-toolchain/bin/../lib/gcc/avr/5.4.0/avr5\libgcc.a(_divmodhi4.o)
                              u8g_polygon.o (__divmodhi4)
c:/program files (x86)/atmel/studio/7.0/toolchain/avr8/avr8-gnu-toolchain/bin/../lib/gcc/avr/5.4.0/avr5\libgcc.a(_exit.o)
                              C:/Program Files (x86)/Atmel/Studio/7.0/Packs/atmel/ATmega_DFP/1.2.132/gcc/dev/atmega328/avr5/crtatmega328.o (exit)
c:/program files (x86)/atmel/studio/7.0/toolchain/avr8/avr8-gnu-toolchain/bin/../lib/gcc/avr/5.4.0/avr5\libgcc.a(_tablejump2.o)
                              u8g_com_atmega_hw_spi.o (__tablejump2__)
c:/program files (x86)/atmel/studio/7.0/toolchain/avr8/avr8-gnu-toolchain/bin/../lib/gcc/avr/5.4.0/avr5\libgcc.a(_copy_data.o)
                              chessengine.o (__do_copy_data)
c:/program files (x86)/atmel/studio/7.0/toolchain/avr8/avr8-gnu-toolchain/bin/../lib/gcc/avr/5.4.0/avr5\libgcc.a(_clear_bss.o)
                              chessengine.o (__do_clear_bss)
c:/program files (x86)/atmel/studio/7.0/toolchain/avr8/avr8-gnu-toolchain/bin/../lib/gcc/avr/5.4.0/avr5\libgcc.a(_umulhisi3.o)
                              u8g_u16toa.o (__umulhisi3)
c:/program files (x86)/atmel/studio/7.0/toolchain/avr8/avr8-gnu-toolchain/bin/../lib/gcc/avr/5.4.0/avr5\libgcc.a(_udivmodhi4.o)
                              c:/program files (x86)/atmel/studio/7.0/toolchain/avr8/avr8-gnu-toolchain/bin/../lib/gcc/avr/5.4.0/avr5\libgcc.a(_divmodhi4.o) (__udivmodhi4)
c:/program files (x86)/atmel/studio/7.0/toolchain/avr8/avr8-gnu-toolchain/bin/../lib/gcc/avr/5.4.0/../../../../avr/lib/avr5\libc.a(memcpy_P.o)
                              u8g_com_io.o (memcpy_P)

Allocating common symbols
Common symbol       size              file

lrc_u8g             0x2               chessengine.o
chess_low_edge      0x1               chessengine.o
u8g                 0x37              main.o
u8g_vs_width        0x1               u8g_virtual_screen.o
u8g_vs_height       0x1               u8g_virtual_screen.o
u8g_pb_dev_gprof_buf
                    0x80              u8g_dev_gprof.o
u8g_vs_list         0x10              u8g_virtual_screen.o
lrc_obj             0xeb              chessengine.o
u8g_write_flip_disc_matrix
                    0x2               u8g_dev_flipdisc_2x7.o
u8g_vs_current      0x1               u8g_virtual_screen.o
global_SREG_backup  0x1               u8g_state.o
u8g_pg              0x42              u8g_polygon.o

Discarded input sections

 .data          0x00000000        0x0 C:/Program Files (x86)/Atmel/Studio/7.0/Packs/atmel/ATmega_DFP/1.2.132/gcc/dev/atmega328/avr5/crtatmega328.o
 .bss           0x00000000        0x0 C:/Program Files (x86)/Atmel/Studio/7.0/Packs/atmel/ATmega_DFP/1.2.132/gcc/dev/atmega328/avr5/crtatmega328.o
 .text          0x00000000        0x0 chessengine.o
 .data          0x00000000        0x0 chessengine.o
 .bss           0x00000000        0x0 chessengine.o
 .text.cu_add_pos
                0x00000000       0x14 chessengine.o
 .text.stack_GetCurrElement
                0x00000000        0xa chessengine.o
 .text.stack_Push
                0x00000000       0x34 chessengine.o
 .text.stack_Pop
                0x00000000       0x20 chessengine.o
 .text.stack_InitCurrElement
                0x00000000       0x18 chessengine.o
 .text.stack_Init
                0x00000000       0x3a chessengine.o
 .text.stack_SetMove
                0x00000000       0x1e chessengine.o
 .text.cu_NextPos
                0x00000000       0x18 chessengine.o
 .text.cu_PrevPos
                0x00000000       0x12 chessengine.o
 .text.cp_GetFromBoard
                0x00000000       0x16 chessengine.o
 .text.cp_SetOnBoard
                0x00000000       0x16 chessengine.o
 .text.cu_IsIllegalPosition
                0x00000000       0x2c chessengine.o
 .text.ce_Eval  0x00000000      0x15c chessengine.o
 .text.cu_ClearMoveHistory
                0x00000000        0x6 chessengine.o
 .text.cu_ClearBoard
                0x00000000       0x36 chessengine.o
 .text.chess_SetupBoardTest01
                0x00000000       0x20 chessengine.o
 .text.chess_SetupBoard
                0x00000000       0x58 chessengine.o
 .text.cu_ReduceHistoryByFullMove
                0x00000000       0x8e chessengine.o
 .text.cu_UndoHalfMove
                0x00000000       0x6a chessengine.o
 .text.cu_PushHalfMove
                0x00000000       0x3e chessengine.o
 .text.cu_GetHalfMoveStr
                0x00000000       0xa4 chessengine.o
 .text.cu_Move  0x00000000      0x1fe chessengine.o
 .text.ce_FindPieceByStep
                0x00000000       0xac chessengine.o
 .text.ce_FindPawnPiece
                0x00000000       0x40 chessengine.o
 .text.ce_CalculatePositionWeight
                0x00000000       0x8a chessengine.o
 .text.cu_IsKingCastling
                0x00000000       0x76 chessengine.o
 .text.ce_GetPositionAttackWeight
[...]
Memory Configuration

Name             Origin             Length             Attributes
text             0x00000000         0x00020000         xr
data             0x00800060         0x0000ffa0         rw !x
eeprom           0x00810000         0x00010000         rw !x
fuse             0x00820000         0x00000003         rw !x
lock             0x00830000         0x00000400         rw !x
signature        0x00840000         0x00000400         rw !x
user_signatures  0x00850000         0x00000400         rw !x
*default*        0x00000000         0xffffffff

Linker script and memory map

Address of section .data set to 0x800100
LOAD C:/Program Files (x86)/Atmel/Studio/7.0/Packs/atmel/ATmega_DFP/1.2.132/gcc/dev/atmega328/avr5/crtatmega328.o
LOAD chessengine.o
LOAD main.o
LOAD u8g_bitmap.o
LOAD u8g_circle.o
LOAD u8g_clip.o
LOAD u8g_com_api.o
LOAD u8g_com_api_16gr.o
LOAD u8g_com_arduino_attiny85_hw_spi.o
LOAD u8g_com_arduino_common.o
LOAD u8g_com_arduino_fast_parallel.o
LOAD u8g_com_arduino_hw_spi.o
LOAD u8g_com_arduino_hw_usart_spi.o
LOAD u8g_com_arduino_no_en_parallel.o
LOAD u8g_com_arduino_parallel.o
LOAD u8g_com_arduino_port_d_wr.o
LOAD u8g_com_arduino_ssd_i2c.o
LOAD u8g_com_arduino_st7920_custom.o
LOAD u8g_com_arduino_st7920_hw_spi.o
LOAD u8g_com_arduino_st7920_spi.o
LOAD u8g_com_arduino_std_sw_spi.o
LOAD u8g_com_arduino_sw_spi.o
LOAD u8g_com_arduino_t6963.o
LOAD u8g_com_arduino_uc_i2c.o
LOAD u8g_com_atmega_hw_spi.o
LOAD u8g_com_atmega_parallel.o
LOAD u8g_com_atmega_st7920_hw_spi.o
LOAD u8g_com_atmega_st7920_spi.o
LOAD u8g_com_atmega_sw_spi.o
LOAD u8g_com_i2c.o
LOAD u8g_com_io.o
LOAD u8g_com_msp430_hw_spi.o
LOAD u8g_com_null.o
LOAD u8g_com_raspberrypi_hw_spi.o
LOAD u8g_com_raspberrypi_ssd_i2c.o
LOAD u8g_com_std_sw_spi.o
LOAD u8g_cursor.o
LOAD u8g_delay.o
LOAD u8g_dev_a2_micro_printer.o
LOAD u8g_dev_flipdisc_2x7.o
LOAD u8g_dev_gprof.o
LOAD u8g_dev_ht1632.o
LOAD u8g_dev_ili9325d_320x240.o
LOAD u8g_dev_ks0108_128x64.o
LOAD u8g_dev_lc7981_160x80.o
LOAD u8g_dev_lc7981_240x128.o
LOAD u8g_dev_lc7981_240x64.o
LOAD u8g_dev_lc7981_320x64.o
LOAD u8g_dev_ld7032_60x32.o
LOAD u8g_dev_null.o
LOAD u8g_dev_pcd8544_84x48.o
LOAD u8g_dev_pcf8812_96x65.o
LOAD u8g_dev_sbn1661_122x32.o
LOAD u8g_dev_ssd1306_128x32.o
LOAD u8g_dev_ssd1306_128x64.o
LOAD u8g_dev_ssd1306_64x48.o
LOAD u8g_dev_ssd1309_128x64.o
LOAD u8g_dev_ssd1322_nhd31oled_bw.o
LOAD u8g_dev_ssd1322_nhd31oled_gr.o
LOAD u8g_dev_ssd1325_nhd27oled_bw.o
LOAD u8g_dev_ssd1325_nhd27oled_bw_new.o
LOAD u8g_dev_ssd1325_nhd27oled_gr.o
LOAD u8g_dev_ssd1325_nhd27oled_gr_new.o
LOAD u8g_dev_ssd1327_96x96_gr.o
LOAD u8g_dev_ssd1351_128x128.o
LOAD u8g_dev_ssd1353_160x128.o
LOAD u8g_dev_st7565_64128n.o
LOAD u8g_dev_st7565_dogm128.o
LOAD u8g_dev_st7565_dogm132.o
LOAD u8g_dev_st7565_lm6059.o
LOAD u8g_dev_st7565_lm6063.o
LOAD u8g_dev_st7565_nhd_c12832.o
LOAD u8g_dev_st7565_nhd_c12864.o
LOAD u8g_dev_st7687_c144mvgd.o
LOAD u8g_dev_st7920_128x64.o
LOAD u8g_dev_st7920_192x32.o
LOAD u8g_dev_st7920_202x32.o
LOAD u8g_dev_t6963_128x128.o
LOAD u8g_dev_t6963_128x64.o
LOAD u8g_dev_t6963_240x128.o
LOAD u8g_dev_t6963_240x64.o
LOAD u8g_dev_tls8204_84x48.o
LOAD u8g_dev_uc1601_c128032.o
LOAD u8g_dev_uc1608_240x128.o
LOAD u8g_dev_uc1608_240x64.o
LOAD u8g_dev_uc1610_dogxl160.o
LOAD u8g_dev_uc1611_dogm240.o
LOAD u8g_dev_uc1611_dogxl240.o
LOAD u8g_dev_uc1701_dogs102.o
LOAD u8g_dev_uc1701_mini12864.o
LOAD u8g_ellipse.o
LOAD u8g_font.o
LOAD u8g_font_data.o
LOAD u8g_line.o
LOAD u8g_ll_api.o
LOAD u8g_page.o
LOAD u8g_pb.o
LOAD u8g_pb14v1.o
LOAD u8g_pb16h1.o
LOAD u8g_pb16h2.o
LOAD u8g_pb16v1.o
LOAD u8g_pb16v2.o
LOAD u8g_pb32h1.o
LOAD u8g_pb8h1.o
LOAD u8g_pb8h1f.o
LOAD u8g_pb8h2.o
LOAD u8g_pb8h8.o
LOAD u8g_pb8v1.o
LOAD u8g_pb8v2.o
LOAD u8g_pbxh16.o
LOAD u8g_pbxh24.o
LOAD u8g_polygon.o
LOAD u8g_rect.o
LOAD u8g_rot.o
LOAD u8g_scale.o
LOAD u8g_state.o
LOAD u8g_u16toa.o
LOAD u8g_u8toa.o
LOAD u8g_virtual_screen.o
START GROUP
LOAD c:/program files (x86)/atmel/studio/7.0/toolchain/avr8/avr8-gnu-toolchain/bin/../lib/gcc/avr/5.4.0/../../../../avr/lib/avr5\libm.a
END GROUP
START GROUP
LOAD c:/program files (x86)/atmel/studio/7.0/toolchain/avr8/avr8-gnu-toolchain/bin/../lib/gcc/avr/5.4.0/avr5\libgcc.a
LOAD c:/program files (x86)/atmel/studio/7.0/toolchain/avr8/avr8-gnu-toolchain/bin/../lib/gcc/avr/5.4.0/../../../../avr/lib/avr5\libm.a
LOAD c:/program files (x86)/atmel/studio/7.0/toolchain/avr8/avr8-gnu-toolchain/bin/../lib/gcc/avr/5.4.0/../../../../avr/lib/avr5\libc.a
LOAD C:/Program Files (x86)/Atmel/Studio/7.0/Packs/atmel/ATmega_DFP/1.2.132/gcc/dev/atmega328/avr5\libatmega328.a
END GROUP
                0x00020000                __TEXT_REGION_LENGTH__ = DEFINED (__TEXT_REGION_LENGTH__)?__TEXT_REGION_LENGTH__:0x20000
                0x0000ffa0                __DATA_REGION_LENGTH__ = DEFINED (__DATA_REGION_LENGTH__)?__DATA_REGION_LENGTH__:0xffa0
                0x00010000                __EEPROM_REGION_LENGTH__ = DEFINED (__EEPROM_REGION_LENGTH__)?__EEPROM_REGION_LENGTH__:0x10000
                [0x00000003]                __FUSE_REGION_LENGTH__ = DEFINED (__FUSE_REGION_LENGTH__)?__FUSE_REGION_LENGTH__:0x400
                0x00000400                __LOCK_REGION_LENGTH__ = DEFINED (__LOCK_REGION_LENGTH__)?__LOCK_REGION_LENGTH__:0x400
                0x00000400                __SIGNATURE_REGION_LENGTH__ = DEFINED (__SIGNATURE_REGION_LENGTH__)?__SIGNATURE_REGION_LENGTH__:0x400
                0x00000400                __USER_SIGNATURE_REGION_LENGTH__ = DEFINED (__USER_SIGNATURE_REGION_LENGTH__)?__USER_SIGNATURE_REGION_LENGTH__:0x400

.hash
 *(.hash)

.dynsym
 *(.dynsym)

.dynstr
 *(.dynstr)

.gnu.version
 *(.gnu.version)

.gnu.version_d
 *(.gnu.version_d)

.gnu.version_r
 *(.gnu.version_r)

.rel.init
 *(.rel.init)

.rela.init
 *(.rela.init)

.rel.text
 *(.rel.text)
 *(.rel.text.*)
 *(.rel.gnu.linkonce.t*)

.rela.text
 *(.rela.text)
 *(.rela.text.*)
 *(.rela.gnu.linkonce.t*)

.rel.fini
 *(.rel.fini)

.rela.fini
 *(.rela.fini)

.rel.rodata
 *(.rel.rodata)
 *(.rel.rodata.*)
 *(.rel.gnu.linkonce.r*)

.rela.rodata
 *(.rela.rodata)
 *(.rela.rodata.*)
 *(.rela.gnu.linkonce.r*)

.rel.data
 *(.rel.data)
 *(.rel.data.*)
 *(.rel.gnu.linkonce.d*)

.rela.data
 *(.rela.data)
 *(.rela.data.*)
 *(.rela.gnu.linkonce.d*)

.rel.ctors
 *(.rel.ctors)

.rela.ctors
 *(.rela.ctors)

.rel.dtors
 *(.rel.dtors)

.rela.dtors
 *(.rela.dtors)

.rel.got
 *(.rel.got)

.rela.got
 *(.rela.got)

.rel.bss
 *(.rel.bss)

.rela.bss
 *(.rela.bss)

.rel.plt
 *(.rel.plt)

.rela.plt
 *(.rela.plt)

.text           0x00000000     0x1f0c
 *(.vectors)
 .vectors       0x00000000       0x68 C:/Program Files (x86)/Atmel/Studio/7.0/Packs/atmel/ATmega_DFP/1.2.132/gcc/dev/atmega328/avr5/crtatmega328.o
                0x00000000                __vector_default
                0x00000000                __vectors
 *(.vectors)
 *(.progmem.gcc*)
 .progmem.gcc_sw_table.u8g_com_atmega_st7920_sw_spi_fn
                0x00000068        0xe u8g_com_atmega_st7920_spi.o
 .progmem.gcc_sw_table.u8g_dev_pb8h1_base_fn
                0x00000076       0x68 u8g_pb8h1.o
                0x000000de                . = ALIGN (0x2)
                0x000000de                __trampolines_start = .
 *(.trampolines)
 .trampolines   0x000000de        0x0 linker stubs
 *(.trampolines*)
                0x000000de                __trampolines_end = .
 *libprintf_flt.a:*(.progmem.data)
 *libc.a:*(.progmem.data)
 *(.progmem*)
 .progmem.data.u8g_avr_port_P
                0x000000de        0x8 u8g_com_io.o
                0x000000de                u8g_avr_port_P
 .progmem.data.u8g_avr_ddr_P
                0x000000e6        0x8 u8g_com_io.o
                0x000000e6                u8g_avr_ddr_P
 .progmem.data.u8g_dev_st7920_128x64_init_seq
                0x000000ee       0x17 u8g_dev_st7920_128x64.o
 .progmem.u8g_font_fub35n
                0x00000105      0x6a1 u8g_font_data.o
                0x00000105                u8g_font_fub35n
 .progmem.u8g_font_6x10
                0x000007a6      0x74a u8g_font_data.o
                0x000007a6                u8g_font_6x10
                0x00000ef0                . = ALIGN (0x2)
 *(.jumptables)
 *(.jumptables*)
 *(.lowtext)
 *(.lowtext*)
                0x00000ef0                __ctors_start = .
 *(.ctors)
                0x00000ef0                __ctors_end = .
                0x00000ef0                __dtors_start = .
 *(.dtors)
                0x00000ef0                __dtors_end = .
 SORT(*)(.ctors)
 SORT(*)(.dtors)
 *(.init0)
 .init0         0x00000ef0        0x0 C:/Program Files (x86)/Atmel/Studio/7.0/Packs/atmel/ATmega_DFP/1.2.132/gcc/dev/atmega328/avr5/crtatmega328.o
                0x00000ef0                __init
 *(.init0)
 *(.init1)
 *(.init1)
 *(.init2)
 .init2         0x00000ef0        0xc C:/Program Files (x86)/Atmel/Studio/7.0/Packs/atmel/ATmega_DFP/1.2.132/gcc/dev/atmega328/avr5/crtatmega328.o
 *(.init2)
 *(.init3)
 *(.init3)
 *(.init4)
 .init4         0x00000efc       0x16 c:/program files (x86)/atmel/studio/7.0/toolchain/avr8/avr8-gnu-toolchain/bin/../lib/gcc/avr/5.4.0/avr5\libgcc.a(_copy_data.o)
                0x00000efc                __do_copy_data
 .init4         0x00000f12       0x10 c:/program files (x86)/atmel/studio/7.0/toolchain/avr8/avr8-gnu-toolchain/bin/../lib/gcc/avr/5.4.0/avr5\libgcc.a(_clear_bss.o)
                0x00000f12                __do_clear_bss
 *(.init4)
 *(.init5)
 *(.init5)
 *(.init6)
 *(.init6)
 *(.init7)
 *(.init7)
 *(.init8)
 *(.init8)
 *(.init9)
 .init9         0x00000f22        0x8 C:/Program Files (x86)/Atmel/Studio/7.0/Packs/atmel/ATmega_DFP/1.2.132/gcc/dev/atmega328/avr5/crtatmega328.o
 *(.init9)
 *(.text)
 .text          0x00000f2a        0x4 C:/Program Files (x86)/Atmel/Studio/7.0/Packs/atmel/ATmega_DFP/1.2.132/gcc/dev/atmega328/avr5/crtatmega328.o
                0x00000f2a                __vector_22
                0x00000f2a                __vector_1
                0x00000f2a                __vector_24
                0x00000f2a                __vector_12
                0x00000f2a                __bad_interrupt
                0x00000f2a                __vector_6
                0x00000f2a                __vector_3
                0x00000f2a                __vector_23
                0x00000f2a                __vector_25
                0x00000f2a                __vector_11
                0x00000f2a                __vector_13
                0x00000f2a                __vector_17
                0x00000f2a                __vector_19
                0x00000f2a                __vector_7
                0x00000f2a                __vector_5
                0x00000f2a                __vector_4
                0x00000f2a                __vector_9
                0x00000f2a                __vector_2
                0x00000f2a                __vector_21
                0x00000f2a                __vector_15
                0x00000f2a                __vector_8
                0x00000f2a                __vector_14
                0x00000f2a                __vector_10
                0x00000f2a                __vector_16
                0x00000f2a                __vector_18
                0x00000f2a                __vector_20
                0x00000f2e                . = ALIGN (0x2)
 *(.text.*)
 .text.u8g_setup
                0x00000f2e       0x46 main.o
                0x00000f2e                u8g_setup
 .text.sys_init
                0x00000f74        0xc main.o
                0x00000f74                sys_init
 .text.draw     0x00000f80       0x5a main.o
                0x00000f80                draw
 .text.main     0x00000fda       0x34 main.o
                0x00000fda                main
 .text.u8g_IsBBXIntersection
                0x0000100e       0x64 u8g_clip.o
                0x0000100e                u8g_IsBBXIntersection
 .text.u8g_InitCom
                0x00001072       0x14 u8g_com_api.o
                0x00001072                u8g_InitCom
 .text.u8g_SetChipSelect
                0x00001086       0x14 u8g_com_api.o
                0x00001086                u8g_SetChipSelect
 .text.u8g_SetResetLow
                0x0000109a       0x16 u8g_com_api.o
                0x0000109a                u8g_SetResetLow
 .text.u8g_SetResetHigh
                0x000010b0       0x16 u8g_com_api.o
                0x000010b0                u8g_SetResetHigh
 .text.u8g_SetAddress
                0x000010c6       0x14 u8g_com_api.o
                0x000010c6                u8g_SetAddress
 .text.u8g_WriteByte
                0x000010da       0x14 u8g_com_api.o
                0x000010da                u8g_WriteByte
 .text.u8g_WriteSequence
                0x000010ee       0x10 u8g_com_api.o
                0x000010ee                u8g_WriteSequence
 .text.u8g_WriteEscSeqP
                0x000010fe       0xec u8g_com_api.o
                0x000010fe                u8g_WriteEscSeqP
 .text.u8g_atmega_st7920_sw_spi_shift_out
                0x000011ea       0x46 u8g_com_atmega_st7920_spi.o
 .text.u8g_com_atmega_st7920_write_byte
                0x00001230       0x4e u8g_com_atmega_st7920_spi.o
 .text.u8g_com_atmega_st7920_sw_spi_fn
                0x0000127e      0x11e u8g_com_atmega_st7920_spi.o
                0x0000127e                u8g_com_atmega_st7920_sw_spi_fn
 .text.u8g_get_avr_io_ptr
                0x0000139c       0x2e u8g_com_io.o
 .text.u8g_Pin  0x000013ca        0xa u8g_com_io.o
                0x000013ca                u8g_Pin
 .text.u8g_SetPinOutput
                0x000013d4       0x30 u8g_com_io.o
                0x000013d4                u8g_SetPinOutput
 .text.u8g_SetPinLevel
                0x00001404       0x62 u8g_com_io.o
                0x00001404                u8g_SetPinLevel
 .text.u8g_SetPIOutput
                0x00001466       0x12 u8g_com_io.o
                0x00001466                u8g_SetPIOutput
 .text.u8g_SetPILevel
                0x00001478       0x14 u8g_com_io.o
                0x00001478                u8g_SetPILevel
 .text.u8g_Delay
                0x0000148c       0x14 u8g_delay.o
                0x0000148c                u8g_Delay
 .text.u8g_MicroDelay
                0x000014a0        0xa u8g_delay.o
                0x000014a0                u8g_MicroDelay
 .text.u8g_10MicroDelay
                0x000014aa        0xa u8g_delay.o
                0x000014aa                u8g_10MicroDelay
 .text.u8g_dev_st7920_128x64_fn
                0x000014b4      0x102 u8g_dev_st7920_128x64.o
                0x000014b4                u8g_dev_st7920_128x64_fn
 .text.u8g_font_get_word
                0x000015b6       0x18 u8g_font.o
 .text.u8g_font_GetFormat
                0x000015ce        0x6 u8g_font.o
 .text.u8g_font_GetFontGlyphStructureSize
                0x000015d4       0x14 u8g_font.o
 .text.u8g_font_calc_vref_font
                0x000015e8        0x4 u8g_font.o
                0x000015e8                u8g_font_calc_vref_font
 .text.u8g_font_GetEncoding65Pos
                0x000015ec        0x8 u8g_font.o
                0x000015ec                u8g_font_GetEncoding65Pos
 .text.u8g_font_GetEncoding97Pos
                0x000015f4        0x8 u8g_font.o
                0x000015f4                u8g_font_GetEncoding97Pos
 .text.u8g_font_GetFontStartEncoding
                0x000015fc        0x8 u8g_font.o
                0x000015fc                u8g_font_GetFontStartEncoding
 .text.u8g_font_GetFontEndEncoding
                0x00001604        0x8 u8g_font.o
                0x00001604                u8g_font_GetFontEndEncoding
 .text.u8g_GetGlyph
                0x0000160c      0x1cc u8g_font.o
                0x0000160c                u8g_GetGlyph
 .text.u8g_draw_glyph
                0x000017d8       0xe0 u8g_font.o
                0x000017d8                u8g_draw_glyph
 .text.u8g_DrawStr
                0x000018b8       0x60 u8g_font.o
                0x000018b8                u8g_DrawStr
 .text.u8g_UpdateRefHeight
                0x00001918       0xac u8g_font.o
                0x00001918                u8g_UpdateRefHeight
 .text.u8g_SetFontPosBaseline
                0x000019c4        0xc u8g_font.o
                0x000019c4                u8g_SetFontPosBaseline
 .text.u8g_SetFont
                0x000019d0       0x28 u8g_font.o
                0x000019d0                u8g_SetFont
 .text.u8g_init_data
                0x000019f8       0x58 u8g_ll_api.o
 .text.u8g_call_dev_fn
                0x00001a50        0xa u8g_ll_api.o
                0x00001a50                u8g_call_dev_fn
 .text.u8g_InitLL
                0x00001a5a       0x40 u8g_ll_api.o
                0x00001a5a                u8g_InitLL
 .text.u8g_FirstPageLL
                0x00001a9a       0x4c u8g_ll_api.o
                0x00001a9a                u8g_FirstPageLL
 .text.u8g_NextPageLL
                0x00001ae6       0x58 u8g_ll_api.o
                0x00001ae6                u8g_NextPageLL
 .text.u8g_GetWidthLL
                0x00001b3e       0x20 u8g_ll_api.o
                0x00001b3e                u8g_GetWidthLL
 .text.u8g_GetHeightLL
                0x00001b5e       0x20 u8g_ll_api.o
                0x00001b5e                u8g_GetHeightLL
 .text.u8g_GetModeLL
                0x00001b7e        0xc u8g_ll_api.o
                0x00001b7e                u8g_GetModeLL
 .text.u8g_UpdateDimension
                0x00001b8a       0x40 u8g_ll_api.o
                0x00001b8a                u8g_UpdateDimension
 .text.u8g_Begin
                0x00001bca       0x20 u8g_ll_api.o
                0x00001bca                u8g_Begin
 .text.u8g_InitSPI
                0x00001bea       0x46 u8g_ll_api.o
                0x00001bea                u8g_InitSPI
 .text.u8g_FirstPage
                0x00001c30        0xc u8g_ll_api.o
                0x00001c30                u8g_FirstPage
 .text.u8g_NextPage
                0x00001c3c       0x20 u8g_ll_api.o
                0x00001c3c                u8g_NextPage
 .text.u8g_Draw8Pixel
                0x00001c5c       0x24 u8g_ll_api.o
                0x00001c5c                u8g_Draw8Pixel
 .text.u8g_page_First
                0x00001c80        0xe u8g_page.o
                0x00001c80                u8g_page_First
 .text.u8g_page_Next
                0x00001c8e       0x2c u8g_page.o
                0x00001c8e                u8g_page_Next
 .text.u8g_pb_Clear
                0x00001cba       0x20 u8g_pb.o
                0x00001cba                u8g_pb_Clear
 .text.u8g_pb_IsYIntersection
                0x00001cda       0x2e u8g_pb.o
                0x00001cda                u8g_pb_IsYIntersection
 .text.u8g_pb_GetPageBox
                0x00001d08       0x20 u8g_pb.o
                0x00001d08                u8g_pb_GetPageBox
 .text.u8g_pb_Is8PixelVisible
                0x00001d28       0x26 u8g_pb.o
                0x00001d28                u8g_pb_Is8PixelVisible
 .text.u8g_pb8h1_set_pixel
                0x00001d4e       0x62 u8g_pb8h1.o
                0x00001d4e                u8g_pb8h1_set_pixel
 .text.u8g_pb8h1_SetPixel
                0x00001db0       0x2a u8g_pb8h1.o
                0x00001db0                u8g_pb8h1_SetPixel
 .text.u8g_pb8h1_Set8PixelOpt2
                0x00001dda       0x72 u8g_pb8h1.o
                0x00001dda                u8g_pb8h1_Set8PixelOpt2
 .text.u8g_dev_pb8h1_base_fn
                0x00001e4c       0x9c u8g_pb8h1.o
                0x00001e4c                u8g_dev_pb8h1_base_fn
 .text.u8g_state_dummy_cb
                0x00001ee8        0x2 u8g_state.o
                0x00001ee8                u8g_state_dummy_cb
 .text.libgcc   0x00001eea        0xc c:/program files (x86)/atmel/studio/7.0/toolchain/avr8/avr8-gnu-toolchain/bin/../lib/gcc/avr/5.4.0/avr5\libgcc.a(_tablejump2.o)
                0x00001eea                __tablejump2__
 .text.avr-libc
                0x00001ef6       0x12 c:/program files (x86)/atmel/studio/7.0/toolchain/avr8/avr8-gnu-toolchain/bin/../lib/gcc/avr/5.4.0/../../../../avr/lib/avr5\libc.a(memcpy_P.o)
                0x00001ef6                memcpy_P
                0x00001f08                . = ALIGN (0x2)
 *(.fini9)
 .fini9         0x00001f08        0x0 c:/program files (x86)/atmel/studio/7.0/toolchain/avr8/avr8-gnu-toolchain/bin/../lib/gcc/avr/5.4.0/avr5\libgcc.a(_exit.o)
                0x00001f08                _exit
                0x00001f08                exit
 *(.fini9)
 *(.fini8)
 *(.fini8)
 *(.fini7)
 *(.fini7)
 *(.fini6)
 *(.fini6)
 *(.fini5)
 *(.fini5)
 *(.fini4)
 *(.fini4)
 *(.fini3)
 *(.fini3)
 *(.fini2)
 *(.fini2)
 *(.fini1)
 *(.fini1)
 *(.fini0)
 .fini0         0x00001f08        0x4 c:/program files (x86)/atmel/studio/7.0/toolchain/avr8/avr8-gnu-toolchain/bin/../lib/gcc/avr/5.4.0/avr5\libgcc.a(_exit.o)
 *(.fini0)
                0x00001f0c                _etext = .

.data           0x00800100       0x22 load address 0x00001f0c
                0x00800100                PROVIDE (__data_start, .)
 *(.data)
 *(.data*)
 .data.vel      0x00800100        0x4 main.o
                0x00800100                vel
 .data.u8g_dev_st7920_128x64_sw_spi
                0x00800104        0x6 u8g_dev_st7920_128x64.o
                0x00800104                u8g_dev_st7920_128x64_sw_spi
 .data.u8g_dev_st7920_128x64_sw_spi_pb
                0x0080010a        0x8 u8g_dev_st7920_128x64.o
                0x0080010a                u8g_dev_st7920_128x64_sw_spi_pb
 *(.rodata)
 *(.rodata*)
 .rodata.str1.1
                0x00800112        0xf main.o
 *(.gnu.linkonce.d*)
                0x00800122                . = ALIGN (0x2)
 *fill*         0x00800121        0x1 
                0x00800122                _edata = .
                0x00800122                PROVIDE (__data_end, .)

.bss            0x00800122       0xb7
                0x00800122                PROVIDE (__bss_start, .)
 *(.bss)
 *(.bss*)
 .bss.u8g_dev_st7920_128x64_sw_spi_buf
                0x00800122       0x80 u8g_dev_st7920_128x64.o
                0x00800122                u8g_dev_st7920_128x64_sw_spi_buf
 *(COMMON)
 COMMON         0x008001a2       0x37 main.o
                0x008001a2                u8g
                0x008001d9                PROVIDE (__bss_end, .)
                0x00001f0c                __data_load_start = LOADADDR (.data)
                0x00001f2e                __data_load_end = (__data_load_start + SIZEOF (.data))

.noinit         0x008001d9        0x0
                [!provide]                PROVIDE (__noinit_start, .)
 *(.noinit*)
                [!provide]                PROVIDE (__noinit_end, .)
                0x008001d9                _end = .
                [!provide]                PROVIDE (__heap_start, .)

.eeprom         0x00810000        0x0
 *(.eeprom*)
                0x00810000                __eeprom_end = .

.fuse
 *(.fuse)
 *(.lfuse)
 *(.hfuse)
 *(.efuse)

.lock
 *(.lock*)

.signature
 *(.signature*)

.user_signatures
 *(.user_signatures*)

.stab
 *(.stab)

.stabstr
 *(.stabstr)

.stab.excl
 *(.stab.excl)

.stab.exclstr
 *(.stab.exclstr)

.stab.index
 *(.stab.index)

.stab.indexstr
 *(.stab.indexstr)

.comment        0x00000000       0x30
 *(.comment)
 .comment       0x00000000       0x30 main.o
                                 0x31 (size before relaxing)
 .comment       0x00000030       0x31 u8g_clip.o
 .comment       0x00000030       0x31 u8g_com_api.o
 .comment       0x00000030       0x31 u8g_com_atmega_st7920_spi.o
 .comment       0x00000030       0x31 u8g_com_io.o
 .comment       0x00000030       0x31 u8g_delay.o
 .comment       0x00000030       0x31 u8g_dev_st7920_128x64.o
 .comment       0x00000030       0x31 u8g_font.o
 .comment       0x00000030       0x31 u8g_font_data.o
 .comment       0x00000030       0x31 u8g_ll_api.o
 .comment       0x00000030       0x31 u8g_page.o
 .comment       0x00000030       0x31 u8g_pb.o
 .comment       0x00000030       0x31 u8g_pb8h1.o
 .comment       0x00000030       0x31 u8g_state.o

.note.gnu.avr.deviceinfo
                0x00000000       0x3c
 .note.gnu.avr.deviceinfo
                0x00000000       0x3c C:/Program Files (x86)/Atmel/Studio/7.0/Packs/atmel/ATmega_DFP/1.2.132/gcc/dev/atmega328/avr5/crtatmega328.o

.note.gnu.build-id
 *(.note.gnu.build-id)

.debug
 *(.debug)

.line
 *(.line)

.debug_srcinfo
 *(.debug_srcinfo)

.debug_sfnames
 *(.debug_sfnames)

.debug_aranges  0x00000000      0x680
 *(.debug_aranges)
 .debug_aranges
                0x00000000       0x38 main.o
 .debug_aranges
                0x00000038       0x20 u8g_clip.o
 .debug_aranges
                0x00000058       0x68 u8g_com_api.o
 .debug_aranges
                0x000000c0       0x30 u8g_com_atmega_st7920_spi.o
 .debug_aranges
                0x000000f0       0x58 u8g_com_io.o
 .debug_aranges
                0x00000148       0x30 u8g_delay.o
 .debug_aranges
                0x00000178       0x28 u8g_dev_st7920_128x64.o
 .debug_aranges
                0x000001a0      0x260 u8g_font.o
 .debug_aranges
                0x00000400       0x18 u8g_font_data.o
 .debug_aranges
                0x00000418      0x170 u8g_ll_api.o
 .debug_aranges
                0x00000588       0x30 u8g_page.o
 .debug_aranges
                0x000005b8       0x50 u8g_pb.o
 .debug_aranges
                0x00000608       0x48 u8g_pb8h1.o
 .debug_aranges
                0x00000650       0x30 u8g_state.o

.debug_pubnames
 *(.debug_pubnames)

.debug_info     0x00000000     0xe562
 *(.debug_info .gnu.linkonce.wi.*)
 .debug_info    0x00000000      0x5f4 C:/Program Files (x86)/Atmel/Studio/7.0/Packs/atmel/ATmega_DFP/1.2.132/gcc/dev/atmega328/avr5/crtatmega328.o
 .debug_info    0x000005f4      0x77e main.o
 .debug_info    0x00000d72      0x54a u8g_clip.o
 .debug_info    0x000012bc      0xa18 u8g_com_api.o
 .debug_info    0x00001cd4      0x880 u8g_com_atmega_st7920_spi.o
 .debug_info    0x00002554      0x7b9 u8g_com_io.o
 .debug_info    0x00002d0d      0x134 u8g_delay.o
 .debug_info    0x00002e41      0xcc7 u8g_dev_st7920_128x64.o
 .debug_info    0x00003b08     0x372c u8g_font.o
 .debug_info    0x00007234     0x3f89 u8g_font_data.o
 .debug_info    0x0000b1bd     0x1bc8 u8g_ll_api.o
 .debug_info    0x0000cd85      0x1a4 u8g_page.o
 .debug_info    0x0000cf29      0x860 u8g_pb.o
 .debug_info    0x0000d789      0x8ba u8g_pb8h1.o
 .debug_info    0x0000e043      0x51f u8g_state.o

.debug_abbrev   0x00000000     0x1ed3
 *(.debug_abbrev)
 .debug_abbrev  0x00000000      0x5a2 C:/Program Files (x86)/Atmel/Studio/7.0/Packs/atmel/ATmega_DFP/1.2.132/gcc/dev/atmega328/avr5/crtatmega328.o
 .debug_abbrev  0x000005a2      0x1a8 main.o
 .debug_abbrev  0x0000074a      0x165 u8g_clip.o
 .debug_abbrev  0x000008af      0x19e u8g_com_api.o
 .debug_abbrev  0x00000a4d      0x19a u8g_com_atmega_st7920_spi.o
 .debug_abbrev  0x00000be7      0x22a u8g_com_io.o
 .debug_abbrev  0x00000e11       0xb0 u8g_delay.o
 .debug_abbrev  0x00000ec1      0x179 u8g_dev_st7920_128x64.o
 .debug_abbrev  0x0000103a      0x411 u8g_font.o
 .debug_abbrev  0x0000144b       0x88 u8g_font_data.o
 .debug_abbrev  0x000014d3      0x3bb u8g_ll_api.o
 .debug_abbrev  0x0000188e       0xe5 u8g_page.o
 .debug_abbrev  0x00001973      0x230 u8g_pb.o
 .debug_abbrev  0x00001ba3      0x1c4 u8g_pb8h1.o
 .debug_abbrev  0x00001d67      0x16c u8g_state.o

.debug_line     0x00000000     0x308d
 *(.debug_line .debug_line.* .debug_line_end)
 .debug_line    0x00000000      0x133 C:/Program Files (x86)/Atmel/Studio/7.0/Packs/atmel/ATmega_DFP/1.2.132/gcc/dev/atmega328/avr5/crtatmega328.o
 .debug_line    0x00000133      0x152 main.o
 .debug_line    0x00000285      0x115 u8g_clip.o
 .debug_line    0x0000039a      0x25a u8g_com_api.o
 .debug_line    0x000005f4      0x21c u8g_com_atmega_st7920_spi.o
 .debug_line    0x00000810      0x20d u8g_com_io.o
 .debug_line    0x00000a1d      0x15c u8g_delay.o
 .debug_line    0x00000b79      0x20f u8g_dev_st7920_128x64.o
 .debug_line    0x00000d88     0x127b u8g_font.o
 .debug_line    0x00002003       0x9d u8g_font_data.o
 .debug_line    0x000020a0      0x8e2 u8g_ll_api.o
 .debug_line    0x00002982      0x134 u8g_page.o
 .debug_line    0x00002ab6      0x210 u8g_pb.o
 .debug_line    0x00002cc6      0x2c7 u8g_pb8h1.o
 .debug_line    0x00002f8d      0x100 u8g_state.o

.debug_frame    0x00000000     0x1494
 *(.debug_frame)
 .debug_frame   0x00000000       0x68 main.o
 .debug_frame   0x00000068       0x2c u8g_clip.o
 .debug_frame   0x00000094       0xe8 u8g_com_api.o
 .debug_frame   0x0000017c       0x90 u8g_com_atmega_st7920_spi.o
 .debug_frame   0x0000020c       0xc8 u8g_com_io.o
 .debug_frame   0x000002d4       0x44 u8g_delay.o
 .debug_frame   0x00000318       0xa4 u8g_dev_st7920_128x64.o
 .debug_frame   0x000003bc      0x9c8 u8g_font.o
 .debug_frame   0x00000d84      0x514 u8g_ll_api.o
 .debug_frame   0x00001298       0x44 u8g_page.o
 .debug_frame   0x000012dc       0x98 u8g_pb.o
 .debug_frame   0x00001374       0xdc u8g_pb8h1.o
 .debug_frame   0x00001450       0x44 u8g_state.o

.debug_str      0x00000000     0x325b
 *(.debug_str)
 .debug_str     0x00000000      0x208 C:/Program Files (x86)/Atmel/Studio/7.0/Packs/atmel/ATmega_DFP/1.2.132/gcc/dev/atmega328/avr5/crtatmega328.o
 .debug_str     0x00000208      0x3c2 main.o
                                0x475 (size before relaxing)
 .debug_str     0x000005ca       0x48 u8g_clip.o
                                0x3f0 (size before relaxing)
 .debug_str     0x00000612       0xfb u8g_com_api.o
                                0x4ad (size before relaxing)
 .debug_str     0x0000070d       0xd4 u8g_com_atmega_st7920_spi.o
                                0x497 (size before relaxing)
 .debug_str     0x000007e1       0xdb u8g_com_io.o
                                0x4aa (size before relaxing)
 .debug_str     0x000008bc       0x27 u8g_delay.o
                                0x1c2 (size before relaxing)
 .debug_str     0x000008e3      0x2e9 u8g_dev_st7920_128x64.o
                                0x725 (size before relaxing)
 .debug_str     0x00000bcc      0x739 u8g_font.o
                                0xb6e (size before relaxing)
 .debug_str     0x00001305     0x1a84 u8g_font_data.o
                               0x1c25 (size before relaxing)
 .debug_str     0x00002d89      0x2e0 u8g_ll_api.o
                                0x701 (size before relaxing)
 .debug_str     0x00003069       0x3b u8g_page.o
                                0x1fb (size before relaxing)
 .debug_str     0x000030a4       0xb6 u8g_pb.o
                                0x4da (size before relaxing)
 .debug_str     0x0000315a       0x82 u8g_pb8h1.o
                                0x4f0 (size before relaxing)
 .debug_str     0x000031dc       0x7f u8g_state.o
                                0x427 (size before relaxing)

.debug_loc      0x00000000     0x94bd
 *(.debug_loc)
 .debug_loc     0x00000000       0x49 main.o
 .debug_loc     0x00000049      0x283 u8g_clip.o
 .debug_loc     0x000002cc      0x67d u8g_com_api.o
 .debug_loc     0x00000949      0x626 u8g_com_atmega_st7920_spi.o
 .debug_loc     0x00000f6f      0x39e u8g_com_io.o
 .debug_loc     0x0000130d       0x67 u8g_delay.o
 .debug_loc     0x00001374      0x3f2 u8g_dev_st7920_128x64.o
 .debug_loc     0x00001766     0x4c04 u8g_font.o
 .debug_loc     0x0000636a     0x2214 u8g_ll_api.o
 .debug_loc     0x0000857e       0xed u8g_page.o
 .debug_loc     0x0000866b      0x55d u8g_pb.o
 .debug_loc     0x00008bc8      0x878 u8g_pb8h1.o
 .debug_loc     0x00009440       0x7d u8g_state.o

.debug_macinfo
 *(.debug_macinfo)

.debug_weaknames
 *(.debug_weaknames)

.debug_funcnames
 *(.debug_funcnames)

.debug_typenames
 *(.debug_typenames)

.debug_varnames
 *(.debug_varnames)

.debug_pubtypes
 *(.debug_pubtypes)

.debug_ranges   0x00000000      0x790
 *(.debug_ranges)
 .debug_ranges  0x00000000       0x28 main.o
 .debug_ranges  0x00000028       0x30 u8g_clip.o
 .debug_ranges  0x00000058       0x58 u8g_com_api.o
 .debug_ranges  0x000000b0       0x50 u8g_com_atmega_st7920_spi.o
 .debug_ranges  0x00000100       0x48 u8g_com_io.o
 .debug_ranges  0x00000148       0x20 u8g_delay.o
 .debug_ranges  0x00000168       0x18 u8g_dev_st7920_128x64.o
 .debug_ranges  0x00000180      0x3e0 u8g_font.o
 .debug_ranges  0x00000560      0x160 u8g_ll_api.o
 .debug_ranges  0x000006c0       0x20 u8g_page.o
 .debug_ranges  0x000006e0       0x58 u8g_pb.o
 .debug_ranges  0x00000738       0x38 u8g_pb8h1.o
 .debug_ranges  0x00000770       0x20 u8g_state.o

.debug_macro
 *(.debug_macro)
OUTPUT(Lcd128.elf elf32-avr)
LOAD linker stubs
